Microchip MPLAB XC8 Compiler V2.50

Linker command line:

-W-3 \
  --edf=C:\Program Files\Microchip\xc8\v2.50\pic\dat\20240725155939_en.msgs \
  -cn -h+dist/default/production\pic12f476-uart.production.sym \
  --cmf=dist/default/production\pic12f476-uart.production.cmf -z -Q12F675 \
  -oC:\Users\Explo\AppData\Local\Temp\xcAs83k.\driver_tmp_3.o \
  --defsym=__MPLAB_BUILD=1 --fixupoverflow=error \
  -Mdist/default/production/pic12f476-uart.production.map \
  --md=C:\Users\Explo\AppData\Local\Temp\xcAs83k.\driver_tmp_0.dat -E1 \
  -ver=XC8 Compiler --acfsm=1493 -ACODE=00h-03FEh -ASTRCODE=00h-03FEh \
  -ASTRING=00h-0FFhx3,0300h-03FEh -ACONST=00h-0FFhx3,0300h-03FEh \
  -AENTRY=00h-0FFhx3,0300h-03FEh -ABANK0=020h-05Dh -ARAM=020h-05Dh \
  -AABS1=020h-05Fh -ACOMMON=05Eh-05Fh -ASFR0=00h-01Fh -ASFR1=080h-0DDh \
  -ACONFIG=02007h-02007h -DCONFIG=2 -AIDLOC=02000h-02003h -DIDLOC=2 \
  -AEEDATA=00h-07Fh/02100h -peeprom_data=EEDATA -DEEDATA=2 -DCODE=2 \
  -DSTRCODE=2 -DSTRING=2 -DCONST=2 -DENTRY=2 \
  -preset_vec=00h,intentry,sivt,init,end_init -ppowerup=CODE -pcinit=CODE \
  -pfunctab=ENTRY -posccal=03FFh -k \
  C:\Users\Explo\AppData\Local\Temp\xcAs83k.\driver_tmp_12.o \
  dist/default/production\pic12f476-uart.production.o 

Object code version is 3.11

Machine type is 12F675



                Name                               Link     Load   Length Selector   Space Scale
C:\Users\Explo\AppData\Local\Temp\xcAs83k.\driver_tmp_12.o
                end_init                              0        0        1        0       0
dist/default/production\pic12f476-uart.production.o
                cinit                               3FD      3FD        2      7FA       0
                text2                               3B4      3B4        6      768       0
                text1                               3CB      3CB       32      796       0
                maintext                            3BA      3BA       11      774       0
                cstackBANK0                          20       20        3       20       1

TOTAL           Name                               Link     Load   Length     Space
        CLASS   CODE           
                end_init                              0        0        1         0
                cinit                               3FD      3FD        2         0
                text2                               3B4      3B4        6         0
                text1                               3CB      3CB       32         0
                maintext                            3BA      3BA       11         0

        CLASS   STRCODE        

        CLASS   STRING         

        CLASS   CONST          

        CLASS   ENTRY          

        CLASS   BANK0          
                cstackBANK0                          20       20        3         1

        CLASS   RAM            

        CLASS   ABS1           
                abs_s1                               5E       5E        2         1

        CLASS   COMMON         

        CLASS   SFR0           

        CLASS   SFR1           

        CLASS   CONFIG         

        CLASS   IDLOC          

        CLASS   EEDATA         

        CLASS   BANK1          

        CLASS   HEAP           

        CLASS   STACK          



SEGMENTS        Name                           Load    Length   Top    Selector   Space  Class     Delta

                reset_vec                      000000  000001  000001         0       0  CODE        2
                cstackBANK0                    000020  000003  000023        20       1  BANK0       1
                text2                          0003B4  000006  0003BA       768       0  CODE        2
                maintext                       0003BA  000011  0003CB       774       0  CODE        2
                text1                          0003CB  000032  0003FD       796       0  CODE        2
                cinit                          0003FD  000002  0003FF       7FA       0  CODE        2


UNUSED ADDRESS RANGES

        Name                Unused          Largest block    Delta
        BANK0            023-05D            3B           1
        CODE             001-3B3           3B3           2
        CONFIG           2007-2007             1           2
        CONST            001-3B3           100           2
        EEDATA           2100-217F            80           2
        ENTRY            001-3B3           100           2
        IDLOC            2000-2003             4           2
        RAM              023-05D            3B           1
        SFR0             000-01F            20           1
        SFR1             080-0DD            5E           1
        STRCODE          001-3B3           3B3           2
        STRING           001-3B3           100           2

                                  Symbol Table

UART_Transmit@DataValue  cstackBANK0  021
UART_Transmit@i          cstackBANK0  022
_ADCON0                  (abs)        01F
_ANSEL                   (abs)        09F
_CMCON                   (abs)        019
_GP0                     (abs)        028
_GP1                     (abs)        029
_GPIO                    (abs)        005
_InitSoftUART            text2        3B4
_TRISIO                  (abs)        085
_TRISIO0                 (abs)        428
_TRISIO1                 (abs)        429
_UART_Transmit           text1        3CB
_VRCON                   (abs)        099
__H__absolute__          __absolute__ 000
__Habs1                  abs1         7FE
__Hbank0                 bank0        7FE
__Hbank1                 bank1        7FE
__Hcinit                 cinit        3FF
__Hclrtext               clrtext      7FE
__Hcode                  code         7FE
__Hcommon                common       7FE
__HcstackBANK0           cstackBANK0  7FE
__HcstackCOMMON          cstackCOMMON 7FE
__Heeprom_data           eeprom_data  000
__Hend_init              end_init     001
__Hfunctab               functab      000
__Hheap                  heap         7FE
__Hinit                  init         000
__Hintentry              intentry     000
__Hmaintext              maintext     7FE
__Hosccal                osccal       3FF
__Hpowerup               powerup      000
__Hram                   ram          7FE
__Hreset_vec             reset_vec    000
__Hsfr0                  sfr0         7FE
__Hsfr1                  sfr1         7FE
__Hsivt                  sivt         000
__Hspace_0               (abs)        7FE
__Hspace_1               (abs)        7FE
__Hspace_2               (abs)        7FE
__Hspace_3               (abs)        000
__Hstack                 stack        7FE
__Hstrings               strings      7FE
__Htext                  text         7FE
__L__absolute__          __absolute__ 000
__Labs1                  abs1         7FE
__Lbank0                 bank0        7FE
__Lbank1                 bank1        7FE
__Lcinit                 cinit        3FD
__Lclrtext               clrtext      7FE
__Lcode                  code         7FE
__Lcommon                common       7FE
__LcstackBANK0           cstackBANK0  7FE
__LcstackCOMMON          cstackCOMMON 7FE
__Leeprom_data           eeprom_data  000
__Lend_init              end_init     000
__Lfunctab               functab      000
__Lheap                  heap         7FE
__Linit                  init         000
__Lintentry              intentry     000
__Lmaintext              maintext     7FE
__Losccal                osccal       3FF
__Lpowerup               powerup      000
__Lram                   ram          7FE
__Lreset_vec             reset_vec    000
__Lsfr0                  sfr0         7FE
__Lsfr1                  sfr1         7FE
__Lsivt                  sivt         000
__Lspace_0               (abs)        000
__Lspace_1               (abs)        000
__Lspace_2               (abs)        000
__Lspace_3               (abs)        000
__Lstack                 stack        7FE
__Lstrings               strings      7FE
__Ltext                  text         7FE
__S0                     (abs)        3FF
__S1                     (abs)        023
__S3                     (abs)        000
___heap_hi               (abs)        000
___heap_lo               (abs)        000
___int_sp                stack        7FE
___int_stack_hi          stack        7FE
___int_stack_lo          stack        7FE
___latbits               (abs)        000
___osccal_val            osccal       3FF
___sp                    stack        7FE
___stack_hi              stack        7FE
___stack_lo              stack        7FE
___stackhi               (abs)        000
___stacklo               (abs)        000
__end_of_InitSoftUART    text2        3BA
__end_of_UART_Transmit   text1        3FD
__end_of__initialization cinit        3FD
__end_of_main            maintext     3CB
__initialization         cinit        3FD
__pcstackBANK0           cstackBANK0  020
__pcstackCOMMON          cstackCOMMON 000
__pmaintext              maintext     3BA
__ptext1                 text1        3CB
__ptext2                 text2        3B4
_main                    maintext     3BA
btemp                    (abs)        05E
end_of_initialization    cinit        3FD
intlevel0                functab      000
intlevel1                functab      000
intlevel2                functab      000
intlevel3                functab      000
intlevel4                functab      000
intlevel5                functab      000
nosup@@$_$_CONFIG        (abs)        000
reset_vec                reset_vec    000
start                    init         000
start_initialization     cinit        3FD
wtemp0                   (abs)        05E


MODULE INFORMATION

Module		Function		Class		Link	Load	Size
Main.c
		_main          		CODE           	03BA	0000	17

Main.c estimated size: 17

shared
		__initialization		CODE           	03FD	0000	1

shared estimated size: 1

Software_UART.c
		_InitSoftUART  		CODE           	03B4	0000	6
		_UART_Transmit 		CODE           	03CB	0000	50

Software_UART.c estimated size: 56

